// Vitest Snapshot v1, https://vitest.dev/guide/snapshot.html

exports[`tiny fixture > produces the expected graph 1`] = `
{
  "edges": [
    {
      "dst": "class:base.ts:Base",
      "file": "shape.ts",
      "kind": "CALLS",
      "line": 10,
      "resolution": "resolved",
      "src": "class:shape.ts:Circle",
    },
    {
      "dst": "class:base.ts:Base",
      "file": "shape.ts",
      "kind": "EXTENDS",
      "line": 8,
      "resolution": "resolved",
      "src": "class:shape.ts:Circle",
    },
    {
      "dst": "interface:shape.ts:Shape",
      "file": "shape.ts",
      "kind": "IMPLEMENTS",
      "line": 8,
      "resolution": "resolved",
      "src": "class:shape.ts:Circle",
    },
    {
      "dst": "class:shape.ts:Circle",
      "file": "index.ts",
      "kind": "CALLS",
      "line": 6,
      "resolution": "resolved",
      "src": "function:index.ts:main",
    },
    {
      "dst": "function:math.ts:add",
      "file": "index.ts",
      "kind": "CALLS",
      "line": 9,
      "resolution": "resolved",
      "src": "function:index.ts:main",
    },
    {
      "dst": "method:shape.ts:Circle.area",
      "file": "index.ts",
      "kind": "CALLS",
      "line": 9,
      "resolution": "resolved",
      "src": "function:index.ts:main",
    },
    {
      "dst": "function:math.ts:add",
      "file": "shape.ts",
      "kind": "CALLS",
      "line": 14,
      "resolution": "resolved",
      "src": "method:shape.ts:Circle.area",
    },
    {
      "dst": "class:base.ts:Base",
      "file": "base.ts",
      "kind": "DECLARES",
      "line": 1,
      "resolution": "resolved",
      "src": "module:base.ts",
    },
    {
      "dst": "method:base.ts:Base.tag",
      "file": "base.ts",
      "kind": "DECLARES",
      "line": 1,
      "resolution": "resolved",
      "src": "module:base.ts",
    },
    {
      "dst": "function:index.ts:main",
      "file": "index.ts",
      "kind": "DECLARES",
      "line": 1,
      "resolution": "resolved",
      "src": "module:index.ts",
    },
    {
      "dst": "module:math.ts",
      "file": "index.ts",
      "kind": "IMPORTS",
      "line": 2,
      "resolution": "resolved",
      "src": "module:index.ts",
    },
    {
      "dst": "module:shape.ts",
      "file": "index.ts",
      "kind": "IMPORTS",
      "line": 3,
      "resolution": "resolved",
      "src": "module:index.ts",
    },
    {
      "dst": "function:math.ts:add",
      "file": "math.ts",
      "kind": "DECLARES",
      "line": 1,
      "resolution": "resolved",
      "src": "module:math.ts",
    },
    {
      "dst": "variable:math.ts:PI",
      "file": "math.ts",
      "kind": "DECLARES",
      "line": 1,
      "resolution": "resolved",
      "src": "module:math.ts",
    },
    {
      "dst": "class:shape.ts:Circle",
      "file": "shape.ts",
      "kind": "DECLARES",
      "line": 1,
      "resolution": "resolved",
      "src": "module:shape.ts",
    },
    {
      "dst": "interface:shape.ts:Shape",
      "file": "shape.ts",
      "kind": "DECLARES",
      "line": 1,
      "resolution": "resolved",
      "src": "module:shape.ts",
    },
    {
      "dst": "method:shape.ts:Circle.area",
      "file": "shape.ts",
      "kind": "DECLARES",
      "line": 1,
      "resolution": "resolved",
      "src": "module:shape.ts",
    },
    {
      "dst": "method:shape.ts:Circle.constructor",
      "file": "shape.ts",
      "kind": "DECLARES",
      "line": 1,
      "resolution": "resolved",
      "src": "module:shape.ts",
    },
    {
      "dst": "module:base.ts",
      "file": "shape.ts",
      "kind": "IMPORTS",
      "line": 1,
      "resolution": "resolved",
      "src": "module:shape.ts",
    },
    {
      "dst": "module:math.ts",
      "file": "shape.ts",
      "kind": "IMPORTS",
      "line": 2,
      "resolution": "resolved",
      "src": "module:shape.ts",
    },
  ],
  "nodes": [
    {
      "doc": null,
      "exported": 1,
      "file": "base.ts",
      "id": "class:base.ts:Base",
      "kind": "class",
      "name": "Base",
      "qualified_name": "base.ts:Base",
      "signature": "class Base",
      "span_end": 66,
      "span_start": 7,
    },
    {
      "doc": null,
      "exported": 1,
      "file": "shape.ts",
      "id": "class:shape.ts:Circle",
      "kind": "class",
      "name": "Circle",
      "qualified_name": "shape.ts:Circle",
      "signature": "class Circle extends Base implements Shape",
      "span_end": 289,
      "span_start": 128,
    },
    {
      "doc": null,
      "exported": 1,
      "file": "index.ts",
      "id": "function:index.ts:main",
      "kind": "function",
      "name": "main",
      "qualified_name": "index.ts:main",
      "signature": "function main(): number",
      "span_end": 307,
      "span_start": 122,
    },
    {
      "doc": null,
      "exported": 1,
      "file": "math.ts",
      "id": "function:math.ts:add",
      "kind": "function",
      "name": "add",
      "qualified_name": "math.ts:add",
      "signature": "function add(a: number, b: number): number",
      "span_end": 73,
      "span_start": 7,
    },
    {
      "doc": null,
      "exported": 1,
      "file": "shape.ts",
      "id": "interface:shape.ts:Shape",
      "kind": "interface",
      "name": "Shape",
      "qualified_name": "shape.ts:Shape",
      "signature": "interface Shape",
      "span_end": 117,
      "span_start": 78,
    },
    {
      "doc": null,
      "exported": 0,
      "file": "base.ts",
      "id": "method:base.ts:Base.tag",
      "kind": "method",
      "name": "tag",
      "qualified_name": "base.ts:Base.tag",
      "signature": "tag(): string",
      "span_end": 63,
      "span_start": 23,
    },
    {
      "doc": null,
      "exported": 0,
      "file": "shape.ts",
      "id": "method:shape.ts:Circle.area",
      "kind": "method",
      "name": "area",
      "qualified_name": "shape.ts:Circle.area",
      "signature": "area(): number",
      "span_end": 286,
      "span_start": 232,
    },
    {
      "doc": null,
      "exported": 0,
      "file": "shape.ts",
      "id": "method:shape.ts:Circle.constructor",
      "kind": "method",
      "name": "constructor",
      "qualified_name": "shape.ts:Circle.constructor",
      "signature": "constructor(public r: number)",
      "span_end": 226,
      "span_start": 176,
    },
    {
      "doc": null,
      "exported": 0,
      "file": "base.ts",
      "id": "module:base.ts",
      "kind": "module",
      "name": "base.ts",
      "qualified_name": "base.ts",
      "signature": null,
      "span_end": 0,
      "span_start": 0,
    },
    {
      "doc": null,
      "exported": 0,
      "file": "index.ts",
      "id": "module:index.ts",
      "kind": "module",
      "name": "index.ts",
      "qualified_name": "index.ts",
      "signature": null,
      "span_end": 0,
      "span_start": 0,
    },
    {
      "doc": null,
      "exported": 0,
      "file": "math.ts",
      "id": "module:math.ts",
      "kind": "module",
      "name": "math.ts",
      "qualified_name": "math.ts",
      "signature": null,
      "span_end": 0,
      "span_start": 0,
    },
    {
      "doc": null,
      "exported": 0,
      "file": "shape.ts",
      "id": "module:shape.ts",
      "kind": "module",
      "name": "shape.ts",
      "qualified_name": "shape.ts",
      "signature": null,
      "span_end": 0,
      "span_start": 0,
    },
    {
      "doc": null,
      "exported": 1,
      "file": "math.ts",
      "id": "variable:math.ts:PI",
      "kind": "variable",
      "name": "PI",
      "qualified_name": "math.ts:PI",
      "signature": "PI = 3.14159",
      "span_end": 102,
      "span_start": 90,
    },
  ],
  "unresolved": [
    {
      "file": "index.ts",
      "kind": "call",
      "line": 8,
      "node_id": "function:index.ts:main",
      "text": "mystery",
    },
    {
      "file": "index.ts",
      "kind": "import",
      "line": 1,
      "node_id": "module:index.ts",
      "text": "node:fs",
    },
  ],
}
`;
